 0 D switch=switch1 mac-address=AE:DE:48:00:00:01 ports=switch1-cpu timeout=3m30s copy-to-cpu=no redirect-to-cpu=no drop=no mirror=no vlan-id=1 share-vlan-learned=no 
 1 D switch=switch1 mac-address=00:50:56:9F:B6:AC ports=sfp1 timeout=3m copy-to-cpu=no redirect-to-cpu=no drop=no mirror=no vlan-id=1 share-vlan-learned=no 
 2 D switch=switch1 mac-address=54:BE:F7:52:D4:C5 ports=sfp1 timeout=3m30s copy-to-cpu=no redirect-to-cpu=no drop=no mirror=no vlan-id=1 share-vlan-learned=no 
 3 D switch=switch1 mac-address=3C:A8:2A:9F:B6:AE ports=sfp1 timeout=3m copy-to-cpu=no redirect-to-cpu=no drop=no mirror=no vlan-id=1 share-vlan-learned=no 
 4 D switch=switch1 mac-address=00:11:32:4B:AB:03 ports=ether4 timeout=3m copy-to-cpu=no redirect-to-cpu=no drop=no mirror=no vlan-id=1 share-vlan-learned=no 
 5 D switch=switch2 mac-address=AE:DE:48:00:00:01 ports=switch2-cpu timeout=1m30s copy-to-cpu=no redirect-to-cpu=no drop=no mirror=no 
 6 D switch=switch1 mac-address=00:0C:29:CF:92:C8 ports=sfp1 timeout=3m30s copy-to-cpu=no redirect-to-cpu=no drop=no mirror=no vlan-id=1 share-vlan-learned=no 
 7 D switch=switch1 mac-address=00:92:04:67:B1:00 ports=sfp1 timeout=3m30s copy-to-cpu=no redirect-to-cpu=no drop=no mirror=no vlan-id=1 share-vlan-learned=no 
 8 D switch=switch1 mac-address=00:92:04:0B:C1:00 ports=sfp1 timeout=3m30s copy-to-cpu=no redirect-to-cpu=no drop=no mirror=no vlan-id=1 share-vlan-learned=no 
 9 D switch=switch1 mac-address=00:92:04:B4:13:00 ports=sfp1 timeout=3m copy-to-cpu=no redirect-to-cpu=no drop=no mirror=no vlan-id=1 share-vlan-learned=no 
10 D switch=switch1 mac-address=00:04:4B:4A:F2:25 ports=ether1 timeout=3m30s copy-to-cpu=no redirect-to-cpu=no drop=no mirror=no vlan-id=1 share-vlan-learned=no 
11 D switch=switch2 mac-address=00:92:04:B4:13:00 ports=switch2-cpu timeout=1m30s copy-to-cpu=no redirect-to-cpu=no drop=no mirror=no 
12 D switch=switch2 mac-address=00:92:04:67:B1:00 ports=switch2-cpu timeout=1m copy-to-cpu=no redirect-to-cpu=no drop=no mirror=no 
13 D switch=switch1 mac-address=AC:B5:7D:20:52:FA ports=switch1-cpu timeout=2m copy-to-cpu=no redirect-to-cpu=no drop=no mirror=no vlan-id=1 share-vlan-learned=no 
14 D switch=switch2 mac-address=00:50:56:9F:B6:AC ports=switch2-cpu timeout=2m copy-to-cpu=no redirect-to-cpu=no drop=no mirror=no 
15 D switch=switch2 mac-address=00:11:32:4B:AB:03 ports=switch2-cpu timeout=2m30s copy-to-cpu=no redirect-to-cpu=no drop=no mirror=no 
16 D switch=switch1 mac-address=E0:8E:3C:0B:B0:80 ports=ether1 timeout=30s copy-to-cpu=no redirect-to-cpu=no drop=no mirror=no vlan-id=1 share-vlan-learned=no 
17 D switch=switch2 mac-address=00:04:4B:4A:F2:25 ports=switch2-cpu timeout=3m30s copy-to-cpu=no redirect-to-cpu=no drop=no mirror=no 
18 D switch=switch2 mac-address=E0:8E:3C:0B:B0:80 ports=switch2-cpu timeout=30s copy-to-cpu=no redirect-to-cpu=no drop=no mirror=no 
19 D switch=switch2 mac-address=3C:A8:2A:9F:B6:AE ports=switch2-cpu timeout=30s copy-to-cpu=no redirect-to-cpu=no drop=no mirror=no 
20 D switch=switch2 mac-address=AC:B5:7D:20:52:FA ports=switch2-cpu timeout=30s copy-to-cpu=no redirect-to-cpu=no drop=no mirror=no 
21 D switch=switch2 mac-address=00:92:04:0B:C1:00 ports=switch2-cpu timeout=1m copy-to-cpu=no redirect-to-cpu=no drop=no mirror=no 
22 D switch=switch2 mac-address=00:0C:29:CF:92:C8 ports=switch2-cpu timeout=3m copy-to-cpu=no redirect-to-cpu=no drop=no mirror=no 

