   mac-address=00:04:4B:4A:F2:25 on-interface=ether1 age=51s bridge=bridge1 
   mac-address=00:0C:29:CF:92:C8 on-interface=ether1 age=1s bridge=bridge1 
   mac-address=00:11:32:4B:AB:03 on-interface=ether1 age=1s bridge=bridge1 
   mac-address=00:50:56:9F:B6:AC on-interface=ether1 age=36s bridge=bridge1 
   mac-address=00:92:04:0B:C1:00 on-interface=ether1 age=6s bridge=bridge1 
   mac-address=00:92:04:67:B1:00 on-interface=ether1 age=15s bridge=bridge1 
   mac-address=00:92:04:B4:13:00 on-interface=ether1 age=18s bridge=bridge1 
 E mac-address=14:DD:A9:48:B0:8A on-interface=wlan1 age=0s bridge=bridge1 
   mac-address=3C:A8:2A:9F:B6:AC on-interface=ether1 age=33s bridge=bridge1 
   mac-address=3C:A8:2A:9F:B6:AE on-interface=ether1 age=1m24s bridge=bridge1 
   mac-address=54:BE:F7:52:D4:C5 on-interface=ether1 age=0s bridge=bridge1 
 E mac-address=A4:77:33:B0:38:40 on-interface=wlan1 age=0s bridge=bridge1 
 E mac-address=AC:B5:7D:20:52:FA on-interface=wlan1 age=0s bridge=bridge1 
 E mac-address=B4:CE:F6:9D:E4:59 on-interface=wlan1 age=0s bridge=bridge1 
 L mac-address=D4:CA:6D:8D:70:9D on-interface=ether1 age=0s bridge=bridge1 
 L mac-address=D4:CA:6D:8D:70:A2 on-interface=ether6 age=0s bridge=bridge1 
 L mac-address=D4:CA:6D:8D:70:A7 on-interface=wlan1 age=0s bridge=bridge1 
 E mac-address=F8:95:C7:FF:C3:38 on-interface=wlan1 age=0s bridge=bridge1 

