 0 RS name=ether1 default-name=ether1 mtu=1500 l2mtu=1598 mac-address=D4:CA:6D:8D:70:9D orig-mac-address=D4:CA:6D:8D:70:9D arp=enabled auto-negotiation=yes advertise=10M-half,10M-full,100M-half,100M-full,1000M-half,1000M-full full-duplex=yes tx-flow-control=off rx-flow-control=off speed=100Mbps master-port=none bandwidth=unlimited/unlimited switch=switch1 
 1  S name=ether2 default-name=ether2 mtu=1500 l2mtu=1598 mac-address=D4:CA:6D:8D:70:9E orig-mac-address=D4:CA:6D:8D:70:9E arp=enabled auto-negotiation=yes advertise=10M-half,10M-full,100M-half,100M-full,1000M-half,1000M-full full-duplex=yes tx-flow-control=off rx-flow-control=off speed=100Mbps master-port=ether1 bandwidth=unlimited/unlimited switch=switch1 
 2 RS name=ether3 default-name=ether3 mtu=1500 l2mtu=1598 mac-address=D4:CA:6D:8D:70:9F orig-mac-address=D4:CA:6D:8D:70:9F arp=enabled auto-negotiation=yes advertise=10M-half,10M-full,100M-half,100M-full,1000M-half,1000M-full full-duplex=yes tx-flow-control=off rx-flow-control=off speed=100Mbps master-port=ether1 bandwidth=unlimited/unlimited switch=switch1 
 3 RS name=ether4 default-name=ether4 mtu=1500 l2mtu=1598 mac-address=D4:CA:6D:8D:70:A0 orig-mac-address=D4:CA:6D:8D:70:A0 arp=enabled auto-negotiation=yes advertise=10M-half,10M-full,100M-half,100M-full,1000M-half,1000M-full full-duplex=yes tx-flow-control=off rx-flow-control=off speed=100Mbps master-port=ether1 bandwidth=unlimited/unlimited switch=switch1 
 4  S name=ether5 default-name=ether5 mtu=1500 l2mtu=1598 mac-address=D4:CA:6D:8D:70:A1 orig-mac-address=D4:CA:6D:8D:70:A1 arp=enabled auto-negotiation=yes advertise=10M-half,10M-full,100M-half,100M-full,1000M-half,1000M-full full-duplex=yes tx-flow-control=off rx-flow-control=off speed=100Mbps master-port=ether1 bandwidth=unlimited/unlimited switch=switch1 
 5 RS name=ether6 default-name=ether6 mtu=1500 l2mtu=1598 mac-address=D4:CA:6D:8D:70:A2 orig-mac-address=D4:CA:6D:8D:70:A2 arp=enabled auto-negotiation=yes advertise=10M-half,10M-full,100M-half,100M-full,1000M-half,1000M-full full-duplex=yes tx-flow-control=off rx-flow-control=off speed=100Mbps master-port=none bandwidth=unlimited/unlimited switch=switch2 
 6  S name=ether7 default-name=ether7 mtu=1500 l2mtu=1598 mac-address=D4:CA:6D:8D:70:A3 orig-mac-address=D4:CA:6D:8D:70:A3 arp=enabled auto-negotiation=yes advertise=10M-half,10M-full,100M-half,100M-full,1000M-half,1000M-full full-duplex=yes tx-flow-control=off rx-flow-control=off speed=100Mbps master-port=ether6 bandwidth=unlimited/unlimited switch=switch2 
 7  S name=ether8 default-name=ether8 mtu=1500 l2mtu=1598 mac-address=D4:CA:6D:8D:70:A4 orig-mac-address=D4:CA:6D:8D:70:A4 arp=enabled auto-negotiation=yes advertise=10M-half,10M-full,100M-half,100M-full,1000M-half,1000M-full full-duplex=yes tx-flow-control=off rx-flow-control=off speed=100Mbps master-port=ether6 bandwidth=unlimited/unlimited switch=switch2 
 8  S name=ether9 default-name=ether9 mtu=1500 l2mtu=1598 mac-address=D4:CA:6D:8D:70:A5 orig-mac-address=D4:CA:6D:8D:70:A5 arp=enabled auto-negotiation=yes advertise=10M-half,10M-full,100M-half,100M-full,1000M-half,1000M-full full-duplex=yes tx-flow-control=off rx-flow-control=off speed=100Mbps master-port=ether6 bandwidth=unlimited/unlimited switch=switch2 
 9 R  comment=DSL Modem name=ether10 default-name=ether10 mtu=1520 l2mtu=1598 mac-address=D4:CA:6D:8D:70:A6 orig-mac-address=D4:CA:6D:8D:70:A6 arp=enabled auto-negotiation=yes advertise=10M-half,10M-full,100M-half,100M-full,1000M-half,1000M-full full-duplex=yes tx-flow-control=off rx-flow-control=off speed=100Mbps master-port=none bandwidth=unlimited/unlimited switch=switch2 
10 RS name=sfp1 default-name=sfp1 mtu=1500 l2mtu=1598 mac-address=D4:CA:6D:8D:70:9C orig-mac-address=D4:CA:6D:8D:70:9C arp=enabled auto-negotiation=yes advertise=10M-half,10M-full,100M-half,100M-full,1000M-half,1000M-full full-duplex=yes tx-flow-control=off rx-flow-control=off speed=1Gbps master-port=ether1 bandwidth=unlimited/unlimited switch=switch1 sfp-rate-select=high 

