               state: disabled
  state-after-reboot: enabled

